Archive member included to satisfy reference by file (symbol)

c:/st/stm32cubeide_1.3.0/stm32cubeide/plugins/com.st.stm32cube.ide.mcu.externaltools.gnu-tools-for-stm32.7-2018-q2-update.win32_1.0.0.201904181610/tools/bin/../lib/gcc/arm-none-eabi/7.3.1/../../../../arm-none-eabi/lib/thumb/v7e-m/fpv4-sp/hard\libc_nano.a(lib_a-errno.o)
                              Core/Src/syscalls.o (__errno)
c:/st/stm32cubeide_1.3.0/stm32cubeide/plugins/com.st.stm32cube.ide.mcu.externaltools.gnu-tools-for-stm32.7-2018-q2-update.win32_1.0.0.201904181610/tools/bin/../lib/gcc/arm-none-eabi/7.3.1/../../../../arm-none-eabi/lib/thumb/v7e-m/fpv4-sp/hard\libc_nano.a(lib_a-exit.o)
                              c:/st/stm32cubeide_1.3.0/stm32cubeide/plugins/com.st.stm32cube.ide.mcu.externaltools.gnu-tools-for-stm32.7-2018-q2-update.win32_1.0.0.201904181610/tools/bin/../lib/gcc/arm-none-eabi/7.3.1/../../../../arm-none-eabi/lib/thumb/v7e-m/fpv4-sp/hard/crt0.o (exit)
c:/st/stm32cubeide_1.3.0/stm32cubeide/plugins/com.st.stm32cube.ide.mcu.externaltools.gnu-tools-for-stm32.7-2018-q2-update.win32_1.0.0.201904181610/tools/bin/../lib/gcc/arm-none-eabi/7.3.1/../../../../arm-none-eabi/lib/thumb/v7e-m/fpv4-sp/hard\libc_nano.a(lib_a-impure.o)
                              c:/st/stm32cubeide_1.3.0/stm32cubeide/plugins/com.st.stm32cube.ide.mcu.externaltools.gnu-tools-for-stm32.7-2018-q2-update.win32_1.0.0.201904181610/tools/bin/../lib/gcc/arm-none-eabi/7.3.1/../../../../arm-none-eabi/lib/thumb/v7e-m/fpv4-sp/hard\libc_nano.a(lib_a-exit.o) (_global_impure_ptr)
c:/st/stm32cubeide_1.3.0/stm32cubeide/plugins/com.st.stm32cube.ide.mcu.externaltools.gnu-tools-for-stm32.7-2018-q2-update.win32_1.0.0.201904181610/tools/bin/../lib/gcc/arm-none-eabi/7.3.1/../../../../arm-none-eabi/lib/thumb/v7e-m/fpv4-sp/hard\libc_nano.a(lib_a-init.o)
                              c:/st/stm32cubeide_1.3.0/stm32cubeide/plugins/com.st.stm32cube.ide.mcu.externaltools.gnu-tools-for-stm32.7-2018-q2-update.win32_1.0.0.201904181610/tools/bin/../lib/gcc/arm-none-eabi/7.3.1/../../../../arm-none-eabi/lib/thumb/v7e-m/fpv4-sp/hard/crt0.o (__libc_init_array)
c:/st/stm32cubeide_1.3.0/stm32cubeide/plugins/com.st.stm32cube.ide.mcu.externaltools.gnu-tools-for-stm32.7-2018-q2-update.win32_1.0.0.201904181610/tools/bin/../lib/gcc/arm-none-eabi/7.3.1/../../../../arm-none-eabi/lib/thumb/v7e-m/fpv4-sp/hard\libc_nano.a(lib_a-malloc.o)
                              Core/Src/queue.o (malloc)
c:/st/stm32cubeide_1.3.0/stm32cubeide/plugins/com.st.stm32cube.ide.mcu.externaltools.gnu-tools-for-stm32.7-2018-q2-update.win32_1.0.0.201904181610/tools/bin/../lib/gcc/arm-none-eabi/7.3.1/../../../../arm-none-eabi/lib/thumb/v7e-m/fpv4-sp/hard\libc_nano.a(lib_a-memset.o)
                              c:/st/stm32cubeide_1.3.0/stm32cubeide/plugins/com.st.stm32cube.ide.mcu.externaltools.gnu-tools-for-stm32.7-2018-q2-update.win32_1.0.0.201904181610/tools/bin/../lib/gcc/arm-none-eabi/7.3.1/../../../../arm-none-eabi/lib/thumb/v7e-m/fpv4-sp/hard/crt0.o (memset)
c:/st/stm32cubeide_1.3.0/stm32cubeide/plugins/com.st.stm32cube.ide.mcu.externaltools.gnu-tools-for-stm32.7-2018-q2-update.win32_1.0.0.201904181610/tools/bin/../lib/gcc/arm-none-eabi/7.3.1/../../../../arm-none-eabi/lib/thumb/v7e-m/fpv4-sp/hard\libc_nano.a(lib_a-nano-freer.o)
                              c:/st/stm32cubeide_1.3.0/stm32cubeide/plugins/com.st.stm32cube.ide.mcu.externaltools.gnu-tools-for-stm32.7-2018-q2-update.win32_1.0.0.201904181610/tools/bin/../lib/gcc/arm-none-eabi/7.3.1/../../../../arm-none-eabi/lib/thumb/v7e-m/fpv4-sp/hard\libc_nano.a(lib_a-malloc.o) (_free_r)
c:/st/stm32cubeide_1.3.0/stm32cubeide/plugins/com.st.stm32cube.ide.mcu.externaltools.gnu-tools-for-stm32.7-2018-q2-update.win32_1.0.0.201904181610/tools/bin/../lib/gcc/arm-none-eabi/7.3.1/../../../../arm-none-eabi/lib/thumb/v7e-m/fpv4-sp/hard\libc_nano.a(lib_a-nano-mallocr.o)
                              c:/st/stm32cubeide_1.3.0/stm32cubeide/plugins/com.st.stm32cube.ide.mcu.externaltools.gnu-tools-for-stm32.7-2018-q2-update.win32_1.0.0.201904181610/tools/bin/../lib/gcc/arm-none-eabi/7.3.1/../../../../arm-none-eabi/lib/thumb/v7e-m/fpv4-sp/hard\libc_nano.a(lib_a-malloc.o) (_malloc_r)
c:/st/stm32cubeide_1.3.0/stm32cubeide/plugins/com.st.stm32cube.ide.mcu.externaltools.gnu-tools-for-stm32.7-2018-q2-update.win32_1.0.0.201904181610/tools/bin/../lib/gcc/arm-none-eabi/7.3.1/../../../../arm-none-eabi/lib/thumb/v7e-m/fpv4-sp/hard\libc_nano.a(lib_a-rand.o)
                              Core/Src/snake.o (rand)
c:/st/stm32cubeide_1.3.0/stm32cubeide/plugins/com.st.stm32cube.ide.mcu.externaltools.gnu-tools-for-stm32.7-2018-q2-update.win32_1.0.0.201904181610/tools/bin/../lib/gcc/arm-none-eabi/7.3.1/../../../../arm-none-eabi/lib/thumb/v7e-m/fpv4-sp/hard\libc_nano.a(lib_a-sbrkr.o)
[...]
Memory Configuration

Name             Origin             Length             Attributes
RAM              0x0000000020000000 0x0000000000020000 xrw
FLASH            0x0000000008000000 0x0000000000080000 xr
*default*        0x0000000000000000 0xffffffffffffffff

Linker script and memory map

LOAD c:/st/stm32cubeide_1.3.0/stm32cubeide/plugins/com.st.stm32cube.ide.mcu.externaltools.gnu-tools-for-stm32.7-2018-q2-update.win32_1.0.0.201904181610/tools/bin/../lib/gcc/arm-none-eabi/7.3.1/thumb/v7e-m/fpv4-sp/hard/crti.o
LOAD c:/st/stm32cubeide_1.3.0/stm32cubeide/plugins/com.st.stm32cube.ide.mcu.externaltools.gnu-tools-for-stm32.7-2018-q2-update.win32_1.0.0.201904181610/tools/bin/../lib/gcc/arm-none-eabi/7.3.1/thumb/v7e-m/fpv4-sp/hard/crtbegin.o
LOAD c:/st/stm32cubeide_1.3.0/stm32cubeide/plugins/com.st.stm32cube.ide.mcu.externaltools.gnu-tools-for-stm32.7-2018-q2-update.win32_1.0.0.201904181610/tools/bin/../lib/gcc/arm-none-eabi/7.3.1/../../../../arm-none-eabi/lib/thumb/v7e-m/fpv4-sp/hard/crt0.o
LOAD Core/Src/main.o
LOAD Core/Src/queue.o
LOAD Core/Src/snake.o
LOAD Core/Src/stm32f4xx_hal_msp.o
LOAD Core/Src/stm32f4xx_it.o
LOAD Core/Src/syscalls.o
LOAD Core/Src/sysmem.o
LOAD Core/Src/system_stm32f4xx.o
LOAD Core/Startup/startup_stm32f411retx.o
LOAD Drivers/STM32F4xx_HAL_Driver/Src/stm32f4xx_hal.o
LOAD Drivers/STM32F4xx_HAL_Driver/Src/stm32f4xx_hal_cortex.o
LOAD Drivers/STM32F4xx_HAL_Driver/Src/stm32f4xx_hal_dma.o
LOAD Drivers/STM32F4xx_HAL_Driver/Src/stm32f4xx_hal_dma_ex.o
LOAD Drivers/STM32F4xx_HAL_Driver/Src/stm32f4xx_hal_exti.o
LOAD Drivers/STM32F4xx_HAL_Driver/Src/stm32f4xx_hal_flash.o
LOAD Drivers/STM32F4xx_HAL_Driver/Src/stm32f4xx_hal_flash_ex.o
LOAD Drivers/STM32F4xx_HAL_Driver/Src/stm32f4xx_hal_flash_ramfunc.o
LOAD Drivers/STM32F4xx_HAL_Driver/Src/stm32f4xx_hal_gpio.o
LOAD Drivers/STM32F4xx_HAL_Driver/Src/stm32f4xx_hal_pwr.o
LOAD Drivers/STM32F4xx_HAL_Driver/Src/stm32f4xx_hal_pwr_ex.o
LOAD Drivers/STM32F4xx_HAL_Driver/Src/stm32f4xx_hal_rcc.o
LOAD Drivers/STM32F4xx_HAL_Driver/Src/stm32f4xx_hal_rcc_ex.o
LOAD Drivers/STM32F4xx_HAL_Driver/Src/stm32f4xx_hal_tim.o
LOAD Drivers/STM32F4xx_HAL_Driver/Src/stm32f4xx_hal_tim_ex.o
LOAD Drivers/STM32F4xx_HAL_Driver/Src/stm32f4xx_hal_uart.o
START GROUP
LOAD c:/st/stm32cubeide_1.3.0/stm32cubeide/plugins/com.st.stm32cube.ide.mcu.externaltools.gnu-tools-for-stm32.7-2018-q2-update.win32_1.0.0.201904181610/tools/bin/../lib/gcc/arm-none-eabi/7.3.1/../../../../arm-none-eabi/lib/thumb/v7e-m/fpv4-sp/hard\libc_nano.a
LOAD c:/st/stm32cubeide_1.3.0/stm32cubeide/plugins/com.st.stm32cube.ide.mcu.externaltools.gnu-tools-for-stm32.7-2018-q2-update.win32_1.0.0.201904181610/tools/bin/../lib/gcc/arm-none-eabi/7.3.1/../../../../arm-none-eabi/lib/thumb/v7e-m/fpv4-sp/hard\libm.a
END GROUP
START GROUP
LOAD c:/st/stm32cubeide_1.3.0/stm32cubeide/plugins/com.st.stm32cube.ide.mcu.externaltools.gnu-tools-for-stm32.7-2018-q2-update.win32_1.0.0.201904181610/tools/bin/../lib/gcc/arm-none-eabi/7.3.1/thumb/v7e-m/fpv4-sp/hard\libgcc.a
LOAD c:/st/stm32cubeide_1.3.0/stm32cubeide/plugins/com.st.stm32cube.ide.mcu.externaltools.gnu-tools-for-stm32.7-2018-q2-update.win32_1.0.0.201904181610/tools/bin/../lib/gcc/arm-none-eabi/7.3.1/../../../../arm-none-eabi/lib/thumb/v7e-m/fpv4-sp/hard\libc_nano.a
END GROUP
START GROUP
LOAD c:/st/stm32cubeide_1.3.0/stm32cubeide/plugins/com.st.stm32cube.ide.mcu.externaltools.gnu-tools-for-stm32.7-2018-q2-update.win32_1.0.0.201904181610/tools/bin/../lib/gcc/arm-none-eabi/7.3.1/thumb/v7e-m/fpv4-sp/hard\libgcc.a
LOAD c:/st/stm32cubeide_1.3.0/stm32cubeide/plugins/com.st.stm32cube.ide.mcu.externaltools.gnu-tools-for-stm32.7-2018-q2-update.win32_1.0.0.201904181610/tools/bin/../lib/gcc/arm-none-eabi/7.3.1/../../../../arm-none-eabi/lib/thumb/v7e-m/fpv4-sp/hard\libc_nano.a
LOAD c:/st/stm32cubeide_1.3.0/stm32cubeide/plugins/com.st.stm32cube.ide.mcu.externaltools.gnu-tools-for-stm32.7-2018-q2-update.win32_1.0.0.201904181610/tools/bin/../lib/gcc/arm-none-eabi/7.3.1/../../../../arm-none-eabi/lib/thumb/v7e-m/fpv4-sp/hard\libnosys.a
END GROUP
START GROUP
LOAD c:/st/stm32cubeide_1.3.0/stm32cubeide/plugins/com.st.stm32cube.ide.mcu.externaltools.gnu-tools-for-stm32.7-2018-q2-update.win32_1.0.0.201904181610/tools/bin/../lib/gcc/arm-none-eabi/7.3.1/thumb/v7e-m/fpv4-sp/hard\libgcc.a
LOAD c:/st/stm32cubeide_1.3.0/stm32cubeide/plugins/com.st.stm32cube.ide.mcu.externaltools.gnu-tools-for-stm32.7-2018-q2-update.win32_1.0.0.201904181610/tools/bin/../lib/gcc/arm-none-eabi/7.3.1/../../../../arm-none-eabi/lib/thumb/v7e-m/fpv4-sp/hard\libc_nano.a
LOAD c:/st/stm32cubeide_1.3.0/stm32cubeide/plugins/com.st.stm32cube.ide.mcu.externaltools.gnu-tools-for-stm32.7-2018-q2-update.win32_1.0.0.201904181610/tools/bin/../lib/gcc/arm-none-eabi/7.3.1/../../../../arm-none-eabi/lib/thumb/v7e-m/fpv4-sp/hard\libnosys.a
END GROUP
LOAD c:/st/stm32cubeide_1.3.0/stm32cubeide/plugins/com.st.stm32cube.ide.mcu.externaltools.gnu-tools-for-stm32.7-2018-q2-update.win32_1.0.0.201904181610/tools/bin/../lib/gcc/arm-none-eabi/7.3.1/thumb/v7e-m/fpv4-sp/hard/crtend.o
LOAD c:/st/stm32cubeide_1.3.0/stm32cubeide/plugins/com.st.stm32cube.ide.mcu.externaltools.gnu-tools-for-stm32.7-2018-q2-update.win32_1.0.0.201904181610/tools/bin/../lib/gcc/arm-none-eabi/7.3.1/thumb/v7e-m/fpv4-sp/hard/crtn.o
                0x0000000020020000                _estack = (ORIGIN (RAM) + LENGTH (RAM))
                0x0000000000000200                _Min_Heap_Size = 0x200
                0x0000000000000400                _Min_Stack_Size = 0x400

.isr_vector     0x0000000008000000      0x198
                0x0000000008000000                . = ALIGN (0x4)
 *(.isr_vector)
 .isr_vector    0x0000000008000000      0x198 Core/Startup/startup_stm32f411retx.o
                0x0000000008000000                g_pfnVectors
                0x0000000008000198                . = ALIGN (0x4)

.text           0x0000000008000198     0x4038
                0x0000000008000198                . = ALIGN (0x4)
 *(.text)
 .text          0x0000000008000198       0x40 c:/st/stm32cubeide_1.3.0/stm32cubeide/plugins/com.st.stm32cube.ide.mcu.externaltools.gnu-tools-for-stm32.7-2018-q2-update.win32_1.0.0.201904181610/tools/bin/../lib/gcc/arm-none-eabi/7.3.1/thumb/v7e-m/fpv4-sp/hard/crtbegin.o
 .text          0x00000000080001d8       0x30 c:/st/stm32cubeide_1.3.0/stm32cubeide/plugins/com.st.stm32cube.ide.mcu.externaltools.gnu-tools-for-stm32.7-2018-q2-update.win32_1.0.0.201904181610/tools/bin/../lib/gcc/arm-none-eabi/7.3.1/thumb/v7e-m/fpv4-sp/hard\libgcc.a(_aeabi_uldivmod.o)
                0x00000000080001d8                __aeabi_uldivmod
 .text          0x0000000008000208      0x2cc c:/st/stm32cubeide_1.3.0/stm32cubeide/plugins/com.st.stm32cube.ide.mcu.externaltools.gnu-tools-for-stm32.7-2018-q2-update.win32_1.0.0.201904181610/tools/bin/../lib/gcc/arm-none-eabi/7.3.1/thumb/v7e-m/fpv4-sp/hard\libgcc.a(_udivmoddi4.o)
                0x0000000008000208                __udivmoddi4
 .text          0x00000000080004d4        0x4 c:/st/stm32cubeide_1.3.0/stm32cubeide/plugins/com.st.stm32cube.ide.mcu.externaltools.gnu-tools-for-stm32.7-2018-q2-update.win32_1.0.0.201904181610/tools/bin/../lib/gcc/arm-none-eabi/7.3.1/thumb/v7e-m/fpv4-sp/hard\libgcc.a(_dvmd_tls.o)
                0x00000000080004d4                __aeabi_idiv0
                0x00000000080004d4                __aeabi_ldiv0
 *(.text*)
 .text.main     0x00000000080004d8       0x90 Core/Src/main.o
                0x00000000080004d8                main
 .text.SystemClock_Config
                0x0000000008000568       0xd0 Core/Src/main.o
                0x0000000008000568                SystemClock_Config
 .text.MX_TIM2_Init
                0x0000000008000638       0x98 Core/Src/main.o
 .text.MX_USART2_UART_Init
                0x00000000080006d0       0x54 Core/Src/main.o
 .text.MX_GPIO_Init
                0x0000000008000724       0xe0 Core/Src/main.o
 .text.HAL_TIM_PeriodElapsedCallback
                0x0000000008000804       0x2c Core/Src/main.o
                0x0000000008000804                HAL_TIM_PeriodElapsedCallback
 .text.HAL_UART_RxCpltCallback
                0x0000000008000830      0x188 Core/Src/main.o
                0x0000000008000830                HAL_UART_RxCpltCallback
 .text.HAL_UART_TxCpltCallback
                0x00000000080009b8       0x14 Core/Src/main.o
                0x00000000080009b8                HAL_UART_TxCpltCallback
 .text.Error_Handler
                0x00000000080009cc        0xe Core/Src/main.o
                0x00000000080009cc                Error_Handler
 .text.createQueue
                0x00000000080009da       0x4e Core/Src/queue.o
                0x00000000080009da                createQueue
 .text.isFull   0x0000000008000a28       0x28 Core/Src/queue.o
                0x0000000008000a28                isFull
 .text.isEmpty  0x0000000008000a50       0x22 Core/Src/queue.o
                0x0000000008000a50                isEmpty
 .text.enqueue  0x0000000008000a72       0x56 Core/Src/queue.o
                0x0000000008000a72                enqueue
 .text.dequeue  0x0000000008000ac8       0x5a Core/Src/queue.o
                0x0000000008000ac8                dequeue
 .text.front    0x0000000008000b22       0x30 Core/Src/queue.o
                0x0000000008000b22                front
 .text.rear     0x0000000008000b52       0x30 Core/Src/queue.o
                0x0000000008000b52                rear
 *fill*         0x0000000008000b82        0x2 
 .text.snake_init
                0x0000000008000b84      0x168 Core/Src/snake.o
                0x0000000008000b84                snake_init
 .text.snake_enqueue
                0x0000000008000cec       0xb4 Core/Src/snake.o
                0x0000000008000cec                snake_enqueue
 .text.snake_dequeue
                0x0000000008000da0       0x88 Core/Src/snake.o
                0x0000000008000da0                snake_dequeue
 .text.scene_setScore
                0x0000000008000e28      0x104 Core/Src/snake.o
                0x0000000008000e28                scene_setScore
 .text.snake_setDirection
                0x0000000008000f2c       0x8c Core/Src/snake.o
                0x0000000008000f2c                snake_setDirection
 .text.snake_move
                0x0000000008000fb8      0x168 Core/Src/snake.o
                0x0000000008000fb8                snake_move
 .text.snake_foodScore
                0x0000000008001120       0x7e Core/Src/snake.o
                0x0000000008001120                snake_foodScore
 *fill*         0x000000000800119e        0x2 
 .text.snake_feed
                0x00000000080011a0       0x28 Core/Src/snake.o
                0x00000000080011a0                snake_feed
 .text.snake_newFood
                0x00000000080011c8       0xdc Core/Src/snake.o
                0x00000000080011c8                snake_newFood
 .text.snake_newObstacle
                0x00000000080012a4       0xc0 Core/Src/snake.o
                0x00000000080012a4                snake_newObstacle
 .text.snake_gameOver
                0x0000000008001364       0x5c Core/Src/snake.o
                0x0000000008001364                snake_gameOver
 .text.snake_levelUp
                0x00000000080013c0      0x14c Core/Src/snake.o
                0x00000000080013c0                snake_levelUp
 .text.scene_setLevel
                0x000000000800150c       0x40 Core/Src/snake.o
                0x000000000800150c                scene_setLevel
 .text.scene_setPixelX
                0x000000000800154c       0x7c Core/Src/snake.o
                0x000000000800154c                scene_setPixelX
 .text.scene_setPixelY
                0x00000000080015c8       0x7c Core/Src/snake.o
                0x00000000080015c8                scene_setPixelY
 .text.scene_mainmenu
                0x0000000008001644       0xbc Core/Src/snake.o
                0x0000000008001644                scene_mainmenu
 .text.scene_clear
                0x0000000008001700       0x3c Core/Src/snake.o
                0x0000000008001700                scene_clear
 .text.intTOchar
                0x000000000800173c       0x70 Core/Src/snake.o
                0x000000000800173c                intTOchar
 .text.HAL_MspInit
                0x00000000080017ac       0x50 Core/Src/stm32f4xx_hal_msp.o
                0x00000000080017ac                HAL_MspInit
 .text.HAL_TIM_Base_MspInit
                0x00000000080017fc       0x4c Core/Src/stm32f4xx_hal_msp.o
                0x00000000080017fc                HAL_TIM_Base_MspInit
 .text.HAL_UART_MspInit
                0x0000000008001848       0xa0 Core/Src/stm32f4xx_hal_msp.o
                0x0000000008001848                HAL_UART_MspInit
 .text.NMI_Handler
                0x00000000080018e8        0xe Core/Src/stm32f4xx_it.o
                0x00000000080018e8                NMI_Handler
 .text.HardFault_Handler
                0x00000000080018f6        0x6 Core/Src/stm32f4xx_it.o
                0x00000000080018f6                HardFault_Handler
 .text.MemManage_Handler
                0x00000000080018fc        0x6 Core/Src/stm32f4xx_it.o
                0x00000000080018fc                MemManage_Handler
 .text.BusFault_Handler
                0x0000000008001902        0x6 Core/Src/stm32f4xx_it.o
                0x0000000008001902                BusFault_Handler
 .text.UsageFault_Handler
                0x0000000008001908        0x6 Core/Src/stm32f4xx_it.o
                0x0000000008001908                UsageFault_Handler
 .text.SVC_Handler
                0x000000000800190e        0xe Core/Src/stm32f4xx_it.o
                0x000000000800190e                SVC_Handler
 .text.DebugMon_Handler
                0x000000000800191c        0xe Core/Src/stm32f4xx_it.o
                0x000000000800191c                DebugMon_Handler
 .text.PendSV_Handler
                0x000000000800192a        0xe Core/Src/stm32f4xx_it.o
                0x000000000800192a                PendSV_Handler
 .text.SysTick_Handler
                0x0000000008001938        0xc Core/Src/stm32f4xx_it.o
                0x0000000008001938                SysTick_Handler
 .text.TIM2_IRQHandler
                0x0000000008001944       0x14 Core/Src/stm32f4xx_it.o
                0x0000000008001944                TIM2_IRQHandler
 .text.USART2_IRQHandler
                0x0000000008001958       0x14 Core/Src/stm32f4xx_it.o
                0x0000000008001958                USART2_IRQHandler
 .text._sbrk    0x000000000800196c       0x58 Core/Src/sysmem.o
                0x000000000800196c                _sbrk
 .text.SystemInit
                0x00000000080019c4       0x2c Core/Src/system_stm32f4xx.o
                0x00000000080019c4                SystemInit
 .text.Reset_Handler
                0x00000000080019f0       0x50 Core/Startup/startup_stm32f411retx.o
                0x00000000080019f0                Reset_Handler
 .text.Default_Handler
                0x0000000008001a40        0x2 Core/Startup/startup_stm32f411retx.o
                0x0000000008001a40                RTC_Alarm_IRQHandler
                0x0000000008001a40                EXTI2_IRQHandler
                0x0000000008001a40                SPI4_IRQHandler
                0x0000000008001a40                TIM1_CC_IRQHandler
                0x0000000008001a40                DMA2_Stream5_IRQHandler
                0x0000000008001a40                DMA1_Stream5_IRQHandler
                0x0000000008001a40                PVD_IRQHandler
                0x0000000008001a40                SDIO_IRQHandler
                0x0000000008001a40                TAMP_STAMP_IRQHandler
                0x0000000008001a40                EXTI3_IRQHandler
                0x0000000008001a40                TIM1_UP_TIM10_IRQHandler
                0x0000000008001a40                I2C3_ER_IRQHandler
                0x0000000008001a40                EXTI0_IRQHandler
                0x0000000008001a40                I2C2_EV_IRQHandler
                0x0000000008001a40                DMA1_Stream2_IRQHandler
                0x0000000008001a40                FPU_IRQHandler
                0x0000000008001a40                DMA2_Stream2_IRQHandler
                0x0000000008001a40                SPI1_IRQHandler
                0x0000000008001a40                TIM1_BRK_TIM9_IRQHandler
                0x0000000008001a40                DMA2_Stream3_IRQHandler
                0x0000000008001a40                USART6_IRQHandler
                0x0000000008001a40                DMA2_Stream0_IRQHandler
                0x0000000008001a40                TIM4_IRQHandler
                0x0000000008001a40                I2C1_EV_IRQHandler
                0x0000000008001a40                DMA1_Stream6_IRQHandler
                0x0000000008001a40                DMA1_Stream1_IRQHandler
                0x0000000008001a40                TIM3_IRQHandler
                0x0000000008001a40                RCC_IRQHandler
                0x0000000008001a40                Default_Handler
                0x0000000008001a40                EXTI15_10_IRQHandler
                0x0000000008001a40                ADC_IRQHandler
                0x0000000008001a40                DMA1_Stream7_IRQHandler
                0x0000000008001a40                SPI5_IRQHandler
                0x0000000008001a40                TIM5_IRQHandler
                0x0000000008001a40                DMA2_Stream7_IRQHandler
                0x0000000008001a40                I2C3_EV_IRQHandler
                0x0000000008001a40                EXTI9_5_IRQHandler
                0x0000000008001a40                RTC_WKUP_IRQHandler
                0x0000000008001a40                SPI2_IRQHandler
                0x0000000008001a40                DMA1_Stream0_IRQHandler
                0x0000000008001a40                EXTI4_IRQHandler
                0x0000000008001a40                WWDG_IRQHandler
                0x0000000008001a40                OTG_FS_WKUP_IRQHandler
                0x0000000008001a40                TIM1_TRG_COM_TIM11_IRQHandler
                0x0000000008001a40                EXTI1_IRQHandler
                0x0000000008001a40                I2C2_ER_IRQHandler
                0x0000000008001a40                DMA2_Stream1_IRQHandler
                0x0000000008001a40                FLASH_IRQHandler
                0x0000000008001a40                DMA2_Stream4_IRQHandler
                0x0000000008001a40                USART1_IRQHandler
                0x0000000008001a40                OTG_FS_IRQHandler
                0x0000000008001a40                SPI3_IRQHandler
                0x0000000008001a40                DMA1_Stream4_IRQHandler
                0x0000000008001a40                I2C1_ER_IRQHandler
                0x0000000008001a40                DMA2_Stream6_IRQHandler
                0x0000000008001a40                DMA1_Stream3_IRQHandler
 *fill*         0x0000000008001a42        0x2 
 .text.HAL_Init
                0x0000000008001a44       0x44 Drivers/STM32F4xx_HAL_Driver/Src/stm32f4xx_hal.o
                0x0000000008001a44                HAL_Init
 .text.HAL_InitTick
                0x0000000008001a88       0x60 Drivers/STM32F4xx_HAL_Driver/Src/stm32f4xx_hal.o
                0x0000000008001a88                HAL_InitTick
 .text.HAL_IncTick
                0x0000000008001ae8       0x28 Drivers/STM32F4xx_HAL_Driver/Src/stm32f4xx_hal.o
                0x0000000008001ae8                HAL_IncTick
 .text.HAL_GetTick
                0x0000000008001b10       0x18 Drivers/STM32F4xx_HAL_Driver/Src/stm32f4xx_hal.o
                0x0000000008001b10                HAL_GetTick
 .text.HAL_Delay
                0x0000000008001b28       0x44 Drivers/STM32F4xx_HAL_Driver/Src/stm32f4xx_hal.o
                0x0000000008001b28                HAL_Delay
 .text.__NVIC_SetPriorityGrouping
                0x0000000008001b6c       0x48 Drivers/STM32F4xx_HAL_Driver/Src/stm32f4xx_hal_cortex.o
 .text.__NVIC_GetPriorityGrouping
                0x0000000008001bb4       0x1c Drivers/STM32F4xx_HAL_Driver/Src/stm32f4xx_hal_cortex.o
 .text.__NVIC_EnableIRQ
                0x0000000008001bd0       0x3c Drivers/STM32F4xx_HAL_Driver/Src/stm32f4xx_hal_cortex.o
 .text.__NVIC_SetPriority
                0x0000000008001c0c       0x54 Drivers/STM32F4xx_HAL_Driver/Src/stm32f4xx_hal_cortex.o
 .text.NVIC_EncodePriority
                0x0000000008001c60       0x66 Drivers/STM32F4xx_HAL_Driver/Src/stm32f4xx_hal_cortex.o
 *fill*         0x0000000008001cc6        0x2 
 .text.SysTick_Config
                0x0000000008001cc8       0x44 Drivers/STM32F4xx_HAL_Driver/Src/stm32f4xx_hal_cortex.o
 .text.HAL_NVIC_SetPriorityGrouping
                0x0000000008001d0c       0x16 Drivers/STM32F4xx_HAL_Driver/Src/stm32f4xx_hal_cortex.o
                0x0000000008001d0c                HAL_NVIC_SetPriorityGrouping
 .text.HAL_NVIC_SetPriority
                0x0000000008001d22       0x38 Drivers/STM32F4xx_HAL_Driver/Src/stm32f4xx_hal_cortex.o
                0x0000000008001d22                HAL_NVIC_SetPriority
 .text.HAL_NVIC_EnableIRQ
                0x0000000008001d5a       0x1c Drivers/STM32F4xx_HAL_Driver/Src/stm32f4xx_hal_cortex.o
                0x0000000008001d5a                HAL_NVIC_EnableIRQ
 .text.HAL_SYSTICK_Config
                0x0000000008001d76       0x18 Drivers/STM32F4xx_HAL_Driver/Src/stm32f4xx_hal_cortex.o
                0x0000000008001d76                HAL_SYSTICK_Config
 .text.HAL_DMA_Abort_IT
                0x0000000008001d8e       0x44 Drivers/STM32F4xx_HAL_Driver/Src/stm32f4xx_hal_dma.o
                0x0000000008001d8e                HAL_DMA_Abort_IT
 *fill*         0x0000000008001dd2        0x2 
 .text.HAL_GPIO_Init
                0x0000000008001dd4      0x304 Drivers/STM32F4xx_HAL_Driver/Src/stm32f4xx_hal_gpio.o
                0x0000000008001dd4                HAL_GPIO_Init
 .text.HAL_GPIO_WritePin
                0x00000000080020d8       0x32 Drivers/STM32F4xx_HAL_Driver/Src/stm32f4xx_hal_gpio.o
                0x00000000080020d8                HAL_GPIO_WritePin
 .text.HAL_GPIO_TogglePin
                0x000000000800210a       0x36 Drivers/STM32F4xx_HAL_Driver/Src/stm32f4xx_hal_gpio.o
                0x000000000800210a                HAL_GPIO_TogglePin
 .text.HAL_RCC_OscConfig
                0x0000000008002140      0x4e0 Drivers/STM32F4xx_HAL_Driver/Src/stm32f4xx_hal_rcc.o
                0x0000000008002140                HAL_RCC_OscConfig
 .text.HAL_RCC_ClockConfig
                0x0000000008002620      0x1cc Drivers/STM32F4xx_HAL_Driver/Src/stm32f4xx_hal_rcc.o
                0x0000000008002620                HAL_RCC_ClockConfig
 .text.HAL_RCC_GetSysClockFreq
                0x00000000080027ec      0x1b0 Drivers/STM32F4xx_HAL_Driver/Src/stm32f4xx_hal_rcc.o
                0x00000000080027ec                HAL_RCC_GetSysClockFreq
 .text.HAL_RCC_GetHCLKFreq
                0x000000000800299c       0x18 Drivers/STM32F4xx_HAL_Driver/Src/stm32f4xx_hal_rcc.o
                0x000000000800299c                HAL_RCC_GetHCLKFreq
 .text.HAL_RCC_GetPCLK1Freq
                0x00000000080029b4       0x28 Drivers/STM32F4xx_HAL_Driver/Src/stm32f4xx_hal_rcc.o
                0x00000000080029b4                HAL_RCC_GetPCLK1Freq
 .text.HAL_RCC_GetPCLK2Freq
                0x00000000080029dc       0x28 Drivers/STM32F4xx_HAL_Driver/Src/stm32f4xx_hal_rcc.o
                0x00000000080029dc                HAL_RCC_GetPCLK2Freq
 .text.HAL_TIM_Base_Init
                0x0000000008002a04       0x56 Drivers/STM32F4xx_HAL_Driver/Src/stm32f4xx_hal_tim.o
                0x0000000008002a04                HAL_TIM_Base_Init
 .text.HAL_TIM_Base_Start_IT
                0x0000000008002a5a       0x48 Drivers/STM32F4xx_HAL_Driver/Src/stm32f4xx_hal_tim.o
                0x0000000008002a5a                HAL_TIM_Base_Start_IT
 .text.HAL_TIM_IRQHandler
                0x0000000008002aa2      0x210 Drivers/STM32F4xx_HAL_Driver/Src/stm32f4xx_hal_tim.o
                0x0000000008002aa2                HAL_TIM_IRQHandler
 .text.HAL_TIM_ConfigClockSource
                0x0000000008002cb2      0x16e Drivers/STM32F4xx_HAL_Driver/Src/stm32f4xx_hal_tim.o
                0x0000000008002cb2                HAL_TIM_ConfigClockSource
 .text.HAL_TIM_OC_DelayElapsedCallback
                0x0000000008002e20       0x14 Drivers/STM32F4xx_HAL_Driver/Src/stm32f4xx_hal_tim.o
                0x0000000008002e20                HAL_TIM_OC_DelayElapsedCallback
 .text.HAL_TIM_IC_CaptureCallback
                0x0000000008002e34       0x14 Drivers/STM32F4xx_HAL_Driver/Src/stm32f4xx_hal_tim.o
                0x0000000008002e34                HAL_TIM_IC_CaptureCallback
 .text.HAL_TIM_PWM_PulseFinishedCallback
                0x0000000008002e48       0x14 Drivers/STM32F4xx_HAL_Driver/Src/stm32f4xx_hal_tim.o
                0x0000000008002e48                HAL_TIM_PWM_PulseFinishedCallback
 .text.HAL_TIM_TriggerCallback
                0x0000000008002e5c       0x14 Drivers/STM32F4xx_HAL_Driver/Src/stm32f4xx_hal_tim.o
                0x0000000008002e5c                HAL_TIM_TriggerCallback
 .text.TIM_Base_SetConfig
                0x0000000008002e70      0x100 Drivers/STM32F4xx_HAL_Driver/Src/stm32f4xx_hal_tim.o
                0x0000000008002e70                TIM_Base_SetConfig
 .text.TIM_TI1_ConfigInputStage
                0x0000000008002f70       0x5e Drivers/STM32F4xx_HAL_Driver/Src/stm32f4xx_hal_tim.o
 .text.TIM_TI2_ConfigInputStage
                0x0000000008002fce       0x60 Drivers/STM32F4xx_HAL_Driver/Src/stm32f4xx_hal_tim.o
 .text.TIM_ITRx_SetConfig
                0x000000000800302e       0x36 Drivers/STM32F4xx_HAL_Driver/Src/stm32f4xx_hal_tim.o
 .text.TIM_ETR_SetConfig
                0x0000000008003064       0x40 Drivers/STM32F4xx_HAL_Driver/Src/stm32f4xx_hal_tim.o
                0x0000000008003064                TIM_ETR_SetConfig
 .text.HAL_TIMEx_MasterConfigSynchronization
                0x00000000080030a4       0xdc Drivers/STM32F4xx_HAL_Driver/Src/stm32f4xx_hal_tim_ex.o
                0x00000000080030a4                HAL_TIMEx_MasterConfigSynchronization
 .text.HAL_TIMEx_CommutCallback
                0x0000000008003180       0x14 Drivers/STM32F4xx_HAL_Driver/Src/stm32f4xx_hal_tim_ex.o
                0x0000000008003180                HAL_TIMEx_CommutCallback
 .text.HAL_TIMEx_BreakCallback
                0x0000000008003194       0x14 Drivers/STM32F4xx_HAL_Driver/Src/stm32f4xx_hal_tim_ex.o
                0x0000000008003194                HAL_TIMEx_BreakCallback
 .text.HAL_UART_Init
                0x00000000080031a8       0x9a Drivers/STM32F4xx_HAL_Driver/Src/stm32f4xx_hal_uart.o
                0x00000000080031a8                HAL_UART_Init
 .text.HAL_UART_Transmit
                0x0000000008003242      0x132 Drivers/STM32F4xx_HAL_Driver/Src/stm32f4xx_hal_uart.o
                0x0000000008003242                HAL_UART_Transmit
 .text.HAL_UART_Receive_IT
                0x0000000008003374       0xaa Drivers/STM32F4xx_HAL_Driver/Src/stm32f4xx_hal_uart.o
                0x0000000008003374                HAL_UART_Receive_IT
 *fill*         0x000000000800341e        0x2 
 .text.HAL_UART_IRQHandler
                0x0000000008003420      0x200 Drivers/STM32F4xx_HAL_Driver/Src/stm32f4xx_hal_uart.o
                0x0000000008003420                HAL_UART_IRQHandler
 .text.HAL_UART_ErrorCallback
                0x0000000008003620       0x14 Drivers/STM32F4xx_HAL_Driver/Src/stm32f4xx_hal_uart.o
                0x0000000008003620                HAL_UART_ErrorCallback
 .text.UART_WaitOnFlagUntilTimeout
                0x0000000008003634       0x94 Drivers/STM32F4xx_HAL_Driver/Src/stm32f4xx_hal_uart.o
 .text.UART_EndRxTransfer
                0x00000000080036c8       0x3c Drivers/STM32F4xx_HAL_Driver/Src/stm32f4xx_hal_uart.o
 .text.UART_DMAAbortOnError
                0x0000000008003704       0x28 Drivers/STM32F4xx_HAL_Driver/Src/stm32f4xx_hal_uart.o
 .text.UART_Transmit_IT
                0x000000000800372c       0xac Drivers/STM32F4xx_HAL_Driver/Src/stm32f4xx_hal_uart.o
 .text.UART_EndTransmit_IT
                0x00000000080037d8       0x30 Drivers/STM32F4xx_HAL_Driver/Src/stm32f4xx_hal_uart.o
 .text.UART_Receive_IT
                0x0000000008003808      0x102 Drivers/STM32F4xx_HAL_Driver/Src/stm32f4xx_hal_uart.o
 *fill*         0x000000000800390a        0x2 
 .text.UART_SetConfig
                0x000000000800390c      0x6f8 Drivers/STM32F4xx_HAL_Driver/Src/stm32f4xx_hal_uart.o
 .text.__errno  0x0000000008004004        0xc c:/st/stm32cubeide_1.3.0/stm32cubeide/plugins/com.st.stm32cube.ide.mcu.externaltools.gnu-tools-for-stm32.7-2018-q2-update.win32_1.0.0.201904181610/tools/bin/../lib/gcc/arm-none-eabi/7.3.1/../../../../arm-none-eabi/lib/thumb/v7e-m/fpv4-sp/hard\libc_nano.a(lib_a-errno.o)
                0x0000000008004004                __errno
 .text.__libc_init_array
                0x0000000008004010       0x48 c:/st/stm32cubeide_1.3.0/stm32cubeide/plugins/com.st.stm32cube.ide.mcu.externaltools.gnu-tools-for-stm32.7-2018-q2-update.win32_1.0.0.201904181610/tools/bin/../lib/gcc/arm-none-eabi/7.3.1/../../../../arm-none-eabi/lib/thumb/v7e-m/fpv4-sp/hard\libc_nano.a(lib_a-init.o)
                0x0000000008004010                __libc_init_array
 .text.malloc   0x0000000008004058       0x10 c:/st/stm32cubeide_1.3.0/stm32cubeide/plugins/com.st.stm32cube.ide.mcu.externaltools.gnu-tools-for-stm32.7-2018-q2-update.win32_1.0.0.201904181610/tools/bin/../lib/gcc/arm-none-eabi/7.3.1/../../../../arm-none-eabi/lib/thumb/v7e-m/fpv4-sp/hard\libc_nano.a(lib_a-malloc.o)
                0x0000000008004058                malloc
 .text.memset   0x0000000008004068       0x10 c:/st/stm32cubeide_1.3.0/stm32cubeide/plugins/com.st.stm32cube.ide.mcu.externaltools.gnu-tools-for-stm32.7-2018-q2-update.win32_1.0.0.201904181610/tools/bin/../lib/gcc/arm-none-eabi/7.3.1/../../../../arm-none-eabi/lib/thumb/v7e-m/fpv4-sp/hard\libc_nano.a(lib_a-memset.o)
                0x0000000008004068                memset
 .text._malloc_r
                0x0000000008004078       0xb4 c:/st/stm32cubeide_1.3.0/stm32cubeide/plugins/com.st.stm32cube.ide.mcu.externaltools.gnu-tools-for-stm32.7-2018-q2-update.win32_1.0.0.201904181610/tools/bin/../lib/gcc/arm-none-eabi/7.3.1/../../../../arm-none-eabi/lib/thumb/v7e-m/fpv4-sp/hard\libc_nano.a(lib_a-nano-mallocr.o)
                0x0000000008004078                _malloc_r
 .text.rand     0x000000000800412c       0x68 c:/st/stm32cubeide_1.3.0/stm32cubeide/plugins/com.st.stm32cube.ide.mcu.externaltools.gnu-tools-for-stm32.7-2018-q2-update.win32_1.0.0.201904181610/tools/bin/../lib/gcc/arm-none-eabi/7.3.1/../../../../arm-none-eabi/lib/thumb/v7e-m/fpv4-sp/hard\libc_nano.a(lib_a-rand.o)
                0x000000000800412c                rand
 .text._sbrk_r  0x0000000008004194       0x20 c:/st/stm32cubeide_1.3.0/stm32cubeide/plugins/com.st.stm32cube.ide.mcu.externaltools.gnu-tools-for-stm32.7-2018-q2-update.win32_1.0.0.201904181610/tools/bin/../lib/gcc/arm-none-eabi/7.3.1/../../../../arm-none-eabi/lib/thumb/v7e-m/fpv4-sp/hard\libc_nano.a(lib_a-sbrkr.o)
                0x0000000008004194                _sbrk_r
 .text.__malloc_lock
                0x00000000080041b4        0x2 c:/st/stm32cubeide_1.3.0/stm32cubeide/plugins/com.st.stm32cube.ide.mcu.externaltools.gnu-tools-for-stm32.7-2018-q2-update.win32_1.0.0.201904181610/tools/bin/../lib/gcc/arm-none-eabi/7.3.1/../../../../arm-none-eabi/lib/thumb/v7e-m/fpv4-sp/hard\libc_nano.a(lib_a-mlock.o)
                0x00000000080041b4                __malloc_lock
 .text.__malloc_unlock
                0x00000000080041b6        0x2 c:/st/stm32cubeide_1.3.0/stm32cubeide/plugins/com.st.stm32cube.ide.mcu.externaltools.gnu-tools-for-stm32.7-2018-q2-update.win32_1.0.0.201904181610/tools/bin/../lib/gcc/arm-none-eabi/7.3.1/../../../../arm-none-eabi/lib/thumb/v7e-m/fpv4-sp/hard\libc_nano.a(lib_a-mlock.o)
                0x00000000080041b6                __malloc_unlock
 *(.glue_7)
 .glue_7        0x00000000080041b8        0x0 linker stubs
 *(.glue_7t)
 .glue_7t       0x00000000080041b8        0x0 linker stubs
 *(.eh_frame)
 .eh_frame      0x00000000080041b8        0x0 c:/st/stm32cubeide_1.3.0/stm32cubeide/plugins/com.st.stm32cube.ide.mcu.externaltools.gnu-tools-for-stm32.7-2018-q2-update.win32_1.0.0.201904181610/tools/bin/../lib/gcc/arm-none-eabi/7.3.1/thumb/v7e-m/fpv4-sp/hard/crtbegin.o
 *(.init)
 .init          0x00000000080041b8        0x4 c:/st/stm32cubeide_1.3.0/stm32cubeide/plugins/com.st.stm32cube.ide.mcu.externaltools.gnu-tools-for-stm32.7-2018-q2-update.win32_1.0.0.201904181610/tools/bin/../lib/gcc/arm-none-eabi/7.3.1/thumb/v7e-m/fpv4-sp/hard/crti.o
                0x00000000080041b8                _init
 .init          0x00000000080041bc        0x8 c:/st/stm32cubeide_1.3.0/stm32cubeide/plugins/com.st.stm32cube.ide.mcu.externaltools.gnu-tools-for-stm32.7-2018-q2-update.win32_1.0.0.201904181610/tools/bin/../lib/gcc/arm-none-eabi/7.3.1/thumb/v7e-m/fpv4-sp/hard/crtn.o
 *(.fini)
 .fini          0x00000000080041c4        0x4 c:/st/stm32cubeide_1.3.0/stm32cubeide/plugins/com.st.stm32cube.ide.mcu.externaltools.gnu-tools-for-stm32.7-2018-q2-update.win32_1.0.0.201904181610/tools/bin/../lib/gcc/arm-none-eabi/7.3.1/thumb/v7e-m/fpv4-sp/hard/crti.o
                0x00000000080041c4                _fini
 .fini          0x00000000080041c8        0x8 c:/st/stm32cubeide_1.3.0/stm32cubeide/plugins/com.st.stm32cube.ide.mcu.externaltools.gnu-tools-for-stm32.7-2018-q2-update.win32_1.0.0.201904181610/tools/bin/../lib/gcc/arm-none-eabi/7.3.1/thumb/v7e-m/fpv4-sp/hard/crtn.o
                0x00000000080041d0                . = ALIGN (0x4)
                0x00000000080041d0                _etext = .

.vfp11_veneer   0x00000000080041d0        0x0
 .vfp11_veneer  0x00000000080041d0        0x0 linker stubs

.v4_bx          0x00000000080041d0        0x0
 .v4_bx         0x00000000080041d0        0x0 linker stubs

.iplt           0x00000000080041d0        0x0
 .iplt          0x00000000080041d0        0x0 c:/st/stm32cubeide_1.3.0/stm32cubeide/plugins/com.st.stm32cube.ide.mcu.externaltools.gnu-tools-for-stm32.7-2018-q2-update.win32_1.0.0.201904181610/tools/bin/../lib/gcc/arm-none-eabi/7.3.1/thumb/v7e-m/fpv4-sp/hard/crtbegin.o

.rodata         0x00000000080041d0      0x128
                0x00000000080041d0                . = ALIGN (0x4)
 *(.rodata)
 .rodata        0x00000000080041d0      0x10d Core/Src/snake.o
 *(.rodata*)
 *fill*         0x00000000080042dd        0x3 
 .rodata.AHBPrescTable
                0x00000000080042e0       0x10 Core/Src/system_stm32f4xx.o
                0x00000000080042e0                AHBPrescTable
 .rodata.APBPrescTable
                0x00000000080042f0        0x8 Core/Src/system_stm32f4xx.o
                0x00000000080042f0                APBPrescTable
                0x00000000080042f8                . = ALIGN (0x4)

.ARM.extab      0x00000000080042f8        0x0
                0x00000000080042f8                . = ALIGN (0x4)
 *(.ARM.extab* .gnu.linkonce.armextab.*)
                0x00000000080042f8                . = ALIGN (0x4)

.ARM            0x00000000080042f8        0x8
                0x00000000080042f8                . = ALIGN (0x4)
                0x00000000080042f8                __exidx_start = .
 *(.ARM.exidx*)
 .ARM.exidx     0x00000000080042f8        0x8 c:/st/stm32cubeide_1.3.0/stm32cubeide/plugins/com.st.stm32cube.ide.mcu.externaltools.gnu-tools-for-stm32.7-2018-q2-update.win32_1.0.0.201904181610/tools/bin/../lib/gcc/arm-none-eabi/7.3.1/thumb/v7e-m/fpv4-sp/hard\libgcc.a(_udivmoddi4.o)
                0x0000000008004300                __exidx_end = .
                0x0000000008004300                . = ALIGN (0x4)

.rel.dyn        0x0000000008004300        0x0
 .rel.iplt      0x0000000008004300        0x0 c:/st/stm32cubeide_1.3.0/stm32cubeide/plugins/com.st.stm32cube.ide.mcu.externaltools.gnu-tools-for-stm32.7-2018-q2-update.win32_1.0.0.201904181610/tools/bin/../lib/gcc/arm-none-eabi/7.3.1/thumb/v7e-m/fpv4-sp/hard/crtbegin.o

.preinit_array  0x0000000008004300        0x0
                0x0000000008004300                . = ALIGN (0x4)
                0x0000000008004300                PROVIDE (__preinit_array_start = .)
 *(.preinit_array*)
                0x0000000008004300                PROVIDE (__preinit_array_end = .)
                0x0000000008004300                . = ALIGN (0x4)

.init_array     0x0000000008004300        0x4
                0x0000000008004300                . = ALIGN (0x4)
                0x0000000008004300                PROVIDE (__init_array_start = .)
 *(SORT_BY_NAME(.init_array.*))
 *(.init_array*)
 .init_array    0x0000000008004300        0x4 c:/st/stm32cubeide_1.3.0/stm32cubeide/plugins/com.st.stm32cube.ide.mcu.externaltools.gnu-tools-for-stm32.7-2018-q2-update.win32_1.0.0.201904181610/tools/bin/../lib/gcc/arm-none-eabi/7.3.1/thumb/v7e-m/fpv4-sp/hard/crtbegin.o
                0x0000000008004304                PROVIDE (__init_array_end = .)
                0x0000000008004304                . = ALIGN (0x4)

.fini_array     0x0000000008004304        0x4
                0x0000000008004304                . = ALIGN (0x4)
                [!provide]                        PROVIDE (__fini_array_start = .)
 *(SORT_BY_NAME(.fini_array.*))
 *(.fini_array*)
 .fini_array    0x0000000008004304        0x4 c:/st/stm32cubeide_1.3.0/stm32cubeide/plugins/com.st.stm32cube.ide.mcu.externaltools.gnu-tools-for-stm32.7-2018-q2-update.win32_1.0.0.201904181610/tools/bin/../lib/gcc/arm-none-eabi/7.3.1/thumb/v7e-m/fpv4-sp/hard/crtbegin.o
                [!provide]                        PROVIDE (__fini_array_end = .)
                0x0000000008004308                . = ALIGN (0x4)
                0x0000000008004308                _sidata = LOADADDR (.data)

.data           0x0000000020000000       0x80 load address 0x0000000008004308
                0x0000000020000000                . = ALIGN (0x4)
                0x0000000020000000                _sdata = .
 *(.data)
 *(.data*)
 .data.clearSceen_code
                0x0000000020000000        0xd Core/Src/main.o
                0x0000000020000000                clearSceen_code
 *fill*         0x000000002000000d        0x3 
 .data.SystemCoreClock
                0x0000000020000010        0x4 Core/Src/system_stm32f4xx.o
                0x0000000020000010                SystemCoreClock
 .data.uwTickPrio
                0x0000000020000014        0x4 Drivers/STM32F4xx_HAL_Driver/Src/stm32f4xx_hal.o
                0x0000000020000014                uwTickPrio
 .data.uwTickFreq
                0x0000000020000018        0x1 Drivers/STM32F4xx_HAL_Driver/Src/stm32f4xx_hal.o
                0x0000000020000018                uwTickFreq
 *fill*         0x0000000020000019        0x3 
 .data._impure_ptr
                0x000000002000001c        0x4 c:/st/stm32cubeide_1.3.0/stm32cubeide/plugins/com.st.stm32cube.ide.mcu.externaltools.gnu-tools-for-stm32.7-2018-q2-update.win32_1.0.0.201904181610/tools/bin/../lib/gcc/arm-none-eabi/7.3.1/../../../../arm-none-eabi/lib/thumb/v7e-m/fpv4-sp/hard\libc_nano.a(lib_a-impure.o)
                0x000000002000001c                _impure_ptr
 .data.impure_data
                0x0000000020000020       0x60 c:/st/stm32cubeide_1.3.0/stm32cubeide/plugins/com.st.stm32cube.ide.mcu.externaltools.gnu-tools-for-stm32.7-2018-q2-update.win32_1.0.0.201904181610/tools/bin/../lib/gcc/arm-none-eabi/7.3.1/../../../../arm-none-eabi/lib/thumb/v7e-m/fpv4-sp/hard\libc_nano.a(lib_a-impure.o)
                0x0000000020000080                . = ALIGN (0x4)
                0x0000000020000080                _edata = .

.igot.plt       0x0000000020000080        0x0 load address 0x0000000008004388
 .igot.plt      0x0000000020000080        0x0 c:/st/stm32cubeide_1.3.0/stm32cubeide/plugins/com.st.stm32cube.ide.mcu.externaltools.gnu-tools-for-stm32.7-2018-q2-update.win32_1.0.0.201904181610/tools/bin/../lib/gcc/arm-none-eabi/7.3.1/thumb/v7e-m/fpv4-sp/hard/crtbegin.o
                0x0000000020000080                . = ALIGN (0x4)

.bss            0x0000000020000080      0x88c load address 0x0000000008004388
                0x0000000020000080                _sbss = .
                0x0000000020000080                __bss_start__ = _sbss
 *(.bss)
 .bss           0x0000000020000080       0x1c c:/st/stm32cubeide_1.3.0/stm32cubeide/plugins/com.st.stm32cube.ide.mcu.externaltools.gnu-tools-for-stm32.7-2018-q2-update.win32_1.0.0.201904181610/tools/bin/../lib/gcc/arm-none-eabi/7.3.1/thumb/v7e-m/fpv4-sp/hard/crtbegin.o
 *(.bss*)
 .bss.timeX     0x000000002000009c        0x4 Core/Src/main.o
                0x000000002000009c                timeX
 .bss.snake_direction
                0x00000000200000a0        0x4 Core/Src/snake.o
 .bss.enemy_1_direction
                0x00000000200000a4        0x4 Core/Src/snake.o
 .bss.enemy_2_direction
                0x00000000200000a8        0x4 Core/Src/snake.o
 .bss.score     0x00000000200000ac        0x4 Core/Src/snake.o
 .bss.snake_head_x
                0x00000000200000b0        0x4 Core/Src/snake.o
 .bss.snake_head_y
                0x00000000200000b4        0x4 Core/Src/snake.o
 .bss.snake_tail_x
                0x00000000200000b8        0x4 Core/Src/snake.o
 .bss.snake_tail_y
                0x00000000200000bc        0x4 Core/Src/snake.o
 .bss.food_constant
                0x00000000200000c0        0x4 Core/Src/snake.o
 .bss.food_time
                0x00000000200000c4        0x4 Core/Src/snake.o
 .bss.obstacle_constant
                0x00000000200000c8        0x4 Core/Src/snake.o
 .bss.obstacle_time
                0x00000000200000cc        0x4 Core/Src/snake.o
 .bss.isPlay    0x00000000200000d0        0x4 Core/Src/snake.o
 .bss.level     0x00000000200000d4        0x4 Core/Src/snake.o
 .bss.level_constant
                0x00000000200000d8        0x4 Core/Src/snake.o
 .bss.heap_end.6424
                0x00000000200000dc        0x4 Core/Src/sysmem.o
 .bss.__malloc_free_list
                0x00000000200000e0        0x4 c:/st/stm32cubeide_1.3.0/stm32cubeide/plugins/com.st.stm32cube.ide.mcu.externaltools.gnu-tools-for-stm32.7-2018-q2-update.win32_1.0.0.201904181610/tools/bin/../lib/gcc/arm-none-eabi/7.3.1/../../../../arm-none-eabi/lib/thumb/v7e-m/fpv4-sp/hard\libc_nano.a(lib_a-nano-mallocr.o)
                0x00000000200000e0                __malloc_free_list
 .bss.__malloc_sbrk_start
                0x00000000200000e4        0x4 c:/st/stm32cubeide_1.3.0/stm32cubeide/plugins/com.st.stm32cube.ide.mcu.externaltools.gnu-tools-for-stm32.7-2018-q2-update.win32_1.0.0.201904181610/tools/bin/../lib/gcc/arm-none-eabi/7.3.1/../../../../arm-none-eabi/lib/thumb/v7e-m/fpv4-sp/hard\libc_nano.a(lib_a-nano-mallocr.o)
                0x00000000200000e4                __malloc_sbrk_start
 *(COMMON)
 COMMON         0x00000000200000e8      0x804 Core/Src/main.o
                0x00000000200000e8                buffer
                0x00000000200000ec                htim2
                0x000000002000012c                huart2
                0x000000002000016c                scene
 COMMON         0x00000000200008ec       0x18 Core/Src/snake.o
                0x00000000200008ec                enemy_2_y
                0x00000000200008f0                enemy_1_x
                0x00000000200008f4                enemy_2_x
                0x00000000200008f8                enemy_1_y
                0x00000000200008fc                snake_y
                0x0000000020000900                snake_x
 COMMON         0x0000000020000904        0x4 Drivers/STM32F4xx_HAL_Driver/Src/stm32f4xx_hal.o
                0x0000000020000904                uwTick
 COMMON         0x0000000020000908        0x4 c:/st/stm32cubeide_1.3.0/stm32cubeide/plugins/com.st.stm32cube.ide.mcu.externaltools.gnu-tools-for-stm32.7-2018-q2-update.win32_1.0.0.201904181610/tools/bin/../lib/gcc/arm-none-eabi/7.3.1/../../../../arm-none-eabi/lib/thumb/v7e-m/fpv4-sp/hard\libc_nano.a(lib_a-reent.o)
                0x0000000020000908                errno
                0x000000002000090c                . = ALIGN (0x4)
                0x000000002000090c                _ebss = .
                0x000000002000090c                __bss_end__ = _ebss

._user_heap_stack
                0x000000002000090c      0x604 load address 0x0000000008004388
                0x0000000020000910                . = ALIGN (0x8)
 *fill*         0x000000002000090c        0x4 
                0x0000000020000910                PROVIDE (end = .)
                [!provide]                        PROVIDE (_end = .)
                0x0000000020000b10                . = (. + _Min_Heap_Size)
 *fill*         0x0000000020000910      0x200 
                0x0000000020000f10                . = (. + _Min_Stack_Size)
 *fill*         0x0000000020000b10      0x400 
                0x0000000020000f10                . = ALIGN (0x8)

/DISCARD/
 libc.a(*)
 libm.a(*)
 libgcc.a(*)

.ARM.attributes
                0x0000000000000000       0x30
 *(.ARM.attributes)
 .ARM.attributes
                0x0000000000000000       0x22 c:/st/stm32cubeide_1.3.0/stm32cubeide/plugins/com.st.stm32cube.ide.mcu.externaltools.gnu-tools-for-stm32.7-2018-q2-update.win32_1.0.0.201904181610/tools/bin/../lib/gcc/arm-none-eabi/7.3.1/thumb/v7e-m/fpv4-sp/hard/crti.o
 .ARM.attributes
                0x0000000000000022       0x34 c:/st/stm32cubeide_1.3.0/stm32cubeide/plugins/com.st.stm32cube.ide.mcu.externaltools.gnu-tools-for-stm32.7-2018-q2-update.win32_1.0.0.201904181610/tools/bin/../lib/gcc/arm-none-eabi/7.3.1/thumb/v7e-m/fpv4-sp/hard/crtbegin.o
 .ARM.attributes
                0x0000000000000056       0x39 Core/Src/main.o
 .ARM.attributes
                0x000000000000008f       0x39 Core/Src/queue.o
 .ARM.attributes
                0x00000000000000c8       0x39 Core/Src/snake.o
 .ARM.attributes
                0x0000000000000101       0x39 Core/Src/stm32f4xx_hal_msp.o
 .ARM.attributes
                0x000000000000013a       0x39 Core/Src/stm32f4xx_it.o
 .ARM.attributes
                0x0000000000000173       0x39 Core/Src/sysmem.o
 .ARM.attributes
                0x00000000000001ac       0x39 Core/Src/system_stm32f4xx.o
 .ARM.attributes
                0x00000000000001e5       0x21 Core/Startup/startup_stm32f411retx.o
 .ARM.attributes
                0x0000000000000206       0x39 Drivers/STM32F4xx_HAL_Driver/Src/stm32f4xx_hal.o
 .ARM.attributes
                0x000000000000023f       0x39 Drivers/STM32F4xx_HAL_Driver/Src/stm32f4xx_hal_cortex.o
 .ARM.attributes
                0x0000000000000278       0x39 Drivers/STM32F4xx_HAL_Driver/Src/stm32f4xx_hal_dma.o
 .ARM.attributes
                0x00000000000002b1       0x39 Drivers/STM32F4xx_HAL_Driver/Src/stm32f4xx_hal_gpio.o
 .ARM.attributes
                0x00000000000002ea       0x39 Drivers/STM32F4xx_HAL_Driver/Src/stm32f4xx_hal_rcc.o
 .ARM.attributes
                0x0000000000000323       0x39 Drivers/STM32F4xx_HAL_Driver/Src/stm32f4xx_hal_tim.o
 .ARM.attributes
                0x000000000000035c       0x39 Drivers/STM32F4xx_HAL_Driver/Src/stm32f4xx_hal_tim_ex.o
 .ARM.attributes
                0x0000000000000395       0x39 Drivers/STM32F4xx_HAL_Driver/Src/stm32f4xx_hal_uart.o
 .ARM.attributes
                0x00000000000003ce       0x34 c:/st/stm32cubeide_1.3.0/stm32cubeide/plugins/com.st.stm32cube.ide.mcu.externaltools.gnu-tools-for-stm32.7-2018-q2-update.win32_1.0.0.201904181610/tools/bin/../lib/gcc/arm-none-eabi/7.3.1/../../../../arm-none-eabi/lib/thumb/v7e-m/fpv4-sp/hard\libc_nano.a(lib_a-errno.o)
 .ARM.attributes
                0x0000000000000402       0x34 c:/st/stm32cubeide_1.3.0/stm32cubeide/plugins/com.st.stm32cube.ide.mcu.externaltools.gnu-tools-for-stm32.7-2018-q2-update.win32_1.0.0.201904181610/tools/bin/../lib/gcc/arm-none-eabi/7.3.1/../../../../arm-none-eabi/lib/thumb/v7e-m/fpv4-sp/hard\libc_nano.a(lib_a-impure.o)
 .ARM.attributes
                0x0000000000000436       0x34 c:/st/stm32cubeide_1.3.0/stm32cubeide/plugins/com.st.stm32cube.ide.mcu.externaltools.gnu-tools-for-stm32.7-2018-q2-update.win32_1.0.0.201904181610/tools/bin/../lib/gcc/arm-none-eabi/7.3.1/../../../../arm-none-eabi/lib/thumb/v7e-m/fpv4-sp/hard\libc_nano.a(lib_a-init.o)
 .ARM.attributes
                0x000000000000046a       0x34 c:/st/stm32cubeide_1.3.0/stm32cubeide/plugins/com.st.stm32cube.ide.mcu.externaltools.gnu-tools-for-stm32.7-2018-q2-update.win32_1.0.0.201904181610/tools/bin/../lib/gcc/arm-none-eabi/7.3.1/../../../../arm-none-eabi/lib/thumb/v7e-m/fpv4-sp/hard\libc_nano.a(lib_a-malloc.o)
 .ARM.attributes
                0x000000000000049e       0x34 c:/st/stm32cubeide_1.3.0/stm32cubeide/plugins/com.st.stm32cube.ide.mcu.externaltools.gnu-tools-for-stm32.7-2018-q2-update.win32_1.0.0.201904181610/tools/bin/../lib/gcc/arm-none-eabi/7.3.1/../../../../arm-none-eabi/lib/thumb/v7e-m/fpv4-sp/hard\libc_nano.a(lib_a-memset.o)
 .ARM.attributes
                0x00000000000004d2       0x34 c:/st/stm32cubeide_1.3.0/stm32cubeide/plugins/com.st.stm32cube.ide.mcu.externaltools.gnu-tools-for-stm32.7-2018-q2-update.win32_1.0.0.201904181610/tools/bin/../lib/gcc/arm-none-eabi/7.3.1/../../../../arm-none-eabi/lib/thumb/v7e-m/fpv4-sp/hard\libc_nano.a(lib_a-nano-mallocr.o)
 .ARM.attributes
                0x0000000000000506       0x34 c:/st/stm32cubeide_1.3.0/stm32cubeide/plugins/com.st.stm32cube.ide.mcu.externaltools.gnu-tools-for-stm32.7-2018-q2-update.win32_1.0.0.201904181610/tools/bin/../lib/gcc/arm-none-eabi/7.3.1/../../../../arm-none-eabi/lib/thumb/v7e-m/fpv4-sp/hard\libc_nano.a(lib_a-rand.o)
 .ARM.attributes
                0x000000000000053a       0x34 c:/st/stm32cubeide_1.3.0/stm32cubeide/plugins/com.st.stm32cube.ide.mcu.externaltools.gnu-tools-for-stm32.7-2018-q2-update.win32_1.0.0.201904181610/tools/bin/../lib/gcc/arm-none-eabi/7.3.1/../../../../arm-none-eabi/lib/thumb/v7e-m/fpv4-sp/hard\libc_nano.a(lib_a-sbrkr.o)
 .ARM.attributes
                0x000000000000056e       0x34 c:/st/stm32cubeide_1.3.0/stm32cubeide/plugins/com.st.stm32cube.ide.mcu.externaltools.gnu-tools-for-stm32.7-2018-q2-update.win32_1.0.0.201904181610/tools/bin/../lib/gcc/arm-none-eabi/7.3.1/../../../../arm-none-eabi/lib/thumb/v7e-m/fpv4-sp/hard\libc_nano.a(lib_a-mlock.o)
 .ARM.attributes
                0x00000000000005a2       0x34 c:/st/stm32cubeide_1.3.0/stm32cubeide/plugins/com.st.stm32cube.ide.mcu.externaltools.gnu-tools-for-stm32.7-2018-q2-update.win32_1.0.0.201904181610/tools/bin/../lib/gcc/arm-none-eabi/7.3.1/../../../../arm-none-eabi/lib/thumb/v7e-m/fpv4-sp/hard\libc_nano.a(lib_a-reent.o)
 .ARM.attributes
                0x00000000000005d6       0x22 c:/st/stm32cubeide_1.3.0/stm32cubeide/plugins/com.st.stm32cube.ide.mcu.externaltools.gnu-tools-for-stm32.7-2018-q2-update.win32_1.0.0.201904181610/tools/bin/../lib/gcc/arm-none-eabi/7.3.1/thumb/v7e-m/fpv4-sp/hard\libgcc.a(_aeabi_uldivmod.o)
 .ARM.attributes
                0x00000000000005f8       0x34 c:/st/stm32cubeide_1.3.0/stm32cubeide/plugins/com.st.stm32cube.ide.mcu.externaltools.gnu-tools-for-stm32.7-2018-q2-update.win32_1.0.0.201904181610/tools/bin/../lib/gcc/arm-none-eabi/7.3.1/thumb/v7e-m/fpv4-sp/hard\libgcc.a(_udivmoddi4.o)
 .ARM.attributes
                0x000000000000062c       0x22 c:/st/stm32cubeide_1.3.0/stm32cubeide/plugins/com.st.stm32cube.ide.mcu.externaltools.gnu-tools-for-stm32.7-2018-q2-update.win32_1.0.0.201904181610/tools/bin/../lib/gcc/arm-none-eabi/7.3.1/thumb/v7e-m/fpv4-sp/hard\libgcc.a(_dvmd_tls.o)
 .ARM.attributes
                0x000000000000064e       0x22 c:/st/stm32cubeide_1.3.0/stm32cubeide/plugins/com.st.stm32cube.ide.mcu.externaltools.gnu-tools-for-stm32.7-2018-q2-update.win32_1.0.0.201904181610/tools/bin/../lib/gcc/arm-none-eabi/7.3.1/thumb/v7e-m/fpv4-sp/hard/crtn.o
OUTPUT(SnakeGame_003.elf elf32-littlearm)

.debug_info     0x0000000000000000     0xe020
 .debug_info    0x0000000000000000     0x17b8 Core/Src/main.o
 .debug_info    0x00000000000017b8      0xa23 Core/Src/queue.o
 .debug_info    0x00000000000021db      0xf15 Core/Src/snake.o
 .debug_info    0x00000000000030f0     0x161b Core/Src/stm32f4xx_hal_msp.o
 .debug_info    0x000000000000470b     0x1157 Core/Src/stm32f4xx_it.o
 .debug_info    0x0000000000005862      0x91c Core/Src/sysmem.o
 .debug_info    0x000000000000617e      0x57e Core/Src/system_stm32f4xx.o
 .debug_info    0x00000000000066fc       0x22 Core/Startup/startup_stm32f411retx.o
 .debug_info    0x000000000000671e      0x8d5 Drivers/STM32F4xx_HAL_Driver/Src/stm32f4xx_hal.o
 .debug_info    0x0000000000006ff3      0xd98 Drivers/STM32F4xx_HAL_Driver/Src/stm32f4xx_hal_cortex.o
 .debug_info    0x0000000000007d8b      0x960 Drivers/STM32F4xx_HAL_Driver/Src/stm32f4xx_hal_dma.o
 .debug_info    0x00000000000086eb      0x7d7 Drivers/STM32F4xx_HAL_Driver/Src/stm32f4xx_hal_gpio.o
 .debug_info    0x0000000000008ec2      0x92a Drivers/STM32F4xx_HAL_Driver/Src/stm32f4xx_hal_rcc.o
 .debug_info    0x00000000000097ec     0x24a1 Drivers/STM32F4xx_HAL_Driver/Src/stm32f4xx_hal_tim.o
 .debug_info    0x000000000000bc8d     0x114f Drivers/STM32F4xx_HAL_Driver/Src/stm32f4xx_hal_tim_ex.o
 .debug_info    0x000000000000cddc     0x1244 Drivers/STM32F4xx_HAL_Driver/Src/stm32f4xx_hal_uart.o

.debug_abbrev   0x0000000000000000     0x1f1e
 .debug_abbrev  0x0000000000000000      0x2a4 Core/Src/main.o
 .debug_abbrev  0x00000000000002a4      0x1e6 Core/Src/queue.o
 .debug_abbrev  0x000000000000048a      0x221 Core/Src/snake.o
 .debug_abbrev  0x00000000000006ab      0x208 Core/Src/stm32f4xx_hal_msp.o
 .debug_abbrev  0x00000000000008b3      0x1cb Core/Src/stm32f4xx_it.o
 .debug_abbrev  0x0000000000000a7e      0x1bb Core/Src/sysmem.o
 .debug_abbrev  0x0000000000000c39      0x12b Core/Src/system_stm32f4xx.o
 .debug_abbrev  0x0000000000000d64       0x12 Core/Startup/startup_stm32f411retx.o
 .debug_abbrev  0x0000000000000d76      0x1f2 Drivers/STM32F4xx_HAL_Driver/Src/stm32f4xx_hal.o
 .debug_abbrev  0x0000000000000f68      0x2fa Drivers/STM32F4xx_HAL_Driver/Src/stm32f4xx_hal_cortex.o
 .debug_abbrev  0x0000000000001262      0x1f1 Drivers/STM32F4xx_HAL_Driver/Src/stm32f4xx_hal_dma.o
 .debug_abbrev  0x0000000000001453      0x1c9 Drivers/STM32F4xx_HAL_Driver/Src/stm32f4xx_hal_gpio.o
 .debug_abbrev  0x000000000000161c      0x245 Drivers/STM32F4xx_HAL_Driver/Src/stm32f4xx_hal_rcc.o
 .debug_abbrev  0x0000000000001861      0x23f Drivers/STM32F4xx_HAL_Driver/Src/stm32f4xx_hal_tim.o
 .debug_abbrev  0x0000000000001aa0      0x22d Drivers/STM32F4xx_HAL_Driver/Src/stm32f4xx_hal_tim_ex.o
 .debug_abbrev  0x0000000000001ccd      0x251 Drivers/STM32F4xx_HAL_Driver/Src/stm32f4xx_hal_uart.o

.debug_aranges  0x0000000000000000      0xcb8
 .debug_aranges
                0x0000000000000000       0x60 Core/Src/main.o
 .debug_aranges
                0x0000000000000060       0x50 Core/Src/queue.o
 .debug_aranges
                0x00000000000000b0       0xa8 Core/Src/snake.o
 .debug_aranges
                0x0000000000000158       0x40 Core/Src/stm32f4xx_hal_msp.o
 .debug_aranges
                0x0000000000000198       0x70 Core/Src/stm32f4xx_it.o
 .debug_aranges
                0x0000000000000208       0x20 Core/Src/sysmem.o
 .debug_aranges
                0x0000000000000228       0x28 Core/Src/system_stm32f4xx.o
 .debug_aranges
                0x0000000000000250       0x28 Core/Startup/startup_stm32f411retx.o
 .debug_aranges
                0x0000000000000278       0xf0 Drivers/STM32F4xx_HAL_Driver/Src/stm32f4xx_hal.o
 .debug_aranges
                0x0000000000000368      0x118 Drivers/STM32F4xx_HAL_Driver/Src/stm32f4xx_hal_cortex.o
 .debug_aranges
                0x0000000000000480       0x90 Drivers/STM32F4xx_HAL_Driver/Src/stm32f4xx_hal_dma.o
 .debug_aranges
                0x0000000000000510       0x58 Drivers/STM32F4xx_HAL_Driver/Src/stm32f4xx_hal_gpio.o
 .debug_aranges
                0x0000000000000568       0x88 Drivers/STM32F4xx_HAL_Driver/Src/stm32f4xx_hal_rcc.o
 .debug_aranges
                0x00000000000005f0      0x3a8 Drivers/STM32F4xx_HAL_Driver/Src/stm32f4xx_hal_tim.o
 .debug_aranges
                0x0000000000000998      0x150 Drivers/STM32F4xx_HAL_Driver/Src/stm32f4xx_hal_tim_ex.o
 .debug_aranges
                0x0000000000000ae8      0x1d0 Drivers/STM32F4xx_HAL_Driver/Src/stm32f4xx_hal_uart.o

.debug_ranges   0x0000000000000000      0xbc0
 .debug_ranges  0x0000000000000000       0x50 Core/Src/main.o
 .debug_ranges  0x0000000000000050       0x40 Core/Src/queue.o
 .debug_ranges  0x0000000000000090       0x98 Core/Src/snake.o
 .debug_ranges  0x0000000000000128       0x30 Core/Src/stm32f4xx_hal_msp.o
 .debug_ranges  0x0000000000000158       0x60 Core/Src/stm32f4xx_it.o
 .debug_ranges  0x00000000000001b8       0x10 Core/Src/sysmem.o
 .debug_ranges  0x00000000000001c8       0x18 Core/Src/system_stm32f4xx.o
 .debug_ranges  0x00000000000001e0       0x20 Core/Startup/startup_stm32f411retx.o
 .debug_ranges  0x0000000000000200       0xe0 Drivers/STM32F4xx_HAL_Driver/Src/stm32f4xx_hal.o
 .debug_ranges  0x00000000000002e0      0x108 Drivers/STM32F4xx_HAL_Driver/Src/stm32f4xx_hal_cortex.o
 .debug_ranges  0x00000000000003e8       0x80 Drivers/STM32F4xx_HAL_Driver/Src/stm32f4xx_hal_dma.o
 .debug_ranges  0x0000000000000468       0x48 Drivers/STM32F4xx_HAL_Driver/Src/stm32f4xx_hal_gpio.o
 .debug_ranges  0x00000000000004b0       0x78 Drivers/STM32F4xx_HAL_Driver/Src/stm32f4xx_hal_rcc.o
 .debug_ranges  0x0000000000000528      0x398 Drivers/STM32F4xx_HAL_Driver/Src/stm32f4xx_hal_tim.o
 .debug_ranges  0x00000000000008c0      0x140 Drivers/STM32F4xx_HAL_Driver/Src/stm32f4xx_hal_tim_ex.o
 .debug_ranges  0x0000000000000a00      0x1c0 Drivers/STM32F4xx_HAL_Driver/Src/stm32f4xx_hal_uart.o

.debug_macro    0x0000000000000000    0x1750b
 .debug_macro   0x0000000000000000      0x398 Core/Src/main.o
 .debug_macro   0x0000000000000398      0xa5a Core/Src/main.o
 .debug_macro   0x0000000000000df2      0x18a Core/Src/main.o
 .debug_macro   0x0000000000000f7c       0x2e Core/Src/main.o
 .debug_macro   0x0000000000000faa       0x28 Core/Src/main.o
 .debug_macro   0x0000000000000fd2       0x22 Core/Src/main.o
 .debug_macro   0x0000000000000ff4       0x8e Core/Src/main.o
 .debug_macro   0x0000000000001082       0x51 Core/Src/main.o
 .debug_macro   0x00000000000010d3       0xef Core/Src/main.o
 .debug_macro   0x00000000000011c2       0x6a Core/Src/main.o
 .debug_macro   0x000000000000122c      0x1df Core/Src/main.o
 .debug_macro   0x000000000000140b       0x1c Core/Src/main.o
 .debug_macro   0x0000000000001427       0x22 Core/Src/main.o
 .debug_macro   0x0000000000001449       0xdf Core/Src/main.o
 .debug_macro   0x0000000000001528     0x102d Core/Src/main.o
 .debug_macro   0x0000000000002555      0x11f Core/Src/main.o
 .debug_macro   0x0000000000002674     0xb937 Core/Src/main.o
 .debug_macro   0x000000000000dfab       0x43 Core/Src/main.o
 .debug_macro   0x000000000000dfee     0x3659 Core/Src/main.o
 .debug_macro   0x0000000000011647      0x174 Core/Src/main.o
 .debug_macro   0x00000000000117bb       0x5a Core/Src/main.o
 .debug_macro   0x0000000000011815      0x447 Core/Src/main.o
 .debug_macro   0x0000000000011c5c      0x9fe Core/Src/main.o
 .debug_macro   0x000000000001265a      0x15f Core/Src/main.o
 .debug_macro   0x00000000000127b9      0x117 Core/Src/main.o
 .debug_macro   0x00000000000128d0      0x11b Core/Src/main.o
 .debug_macro   0x00000000000129eb       0x27 Core/Src/main.o
 .debug_macro   0x0000000000012a12      0x287 Core/Src/main.o
 .debug_macro   0x0000000000012c99       0x5f Core/Src/main.o
 .debug_macro   0x0000000000012cf8      0x236 Core/Src/main.o
 .debug_macro   0x0000000000012f2e      0x132 Core/Src/main.o
 .debug_macro   0x0000000000013060      0x264 Core/Src/main.o
 .debug_macro   0x00000000000132c4       0x2e Core/Src/main.o
 .debug_macro   0x00000000000132f2      0x11a Core/Src/main.o
 .debug_macro   0x000000000001340c       0x85 Core/Src/main.o
 .debug_macro   0x0000000000013491       0x89 Core/Src/main.o
 .debug_macro   0x000000000001351a      0x8a0 Core/Src/main.o
 .debug_macro   0x0000000000013dba       0x47 Core/Src/main.o
 .debug_macro   0x0000000000013e01      0x287 Core/Src/main.o
 .debug_macro   0x0000000000014088      0x126 Core/Src/main.o
 .debug_macro   0x00000000000141ae       0x2e Core/Src/main.o
 .debug_macro   0x00000000000141dc       0x46 Core/Src/main.o
 .debug_macro   0x0000000000014222       0x18 Core/Src/main.o
 .debug_macro   0x000000000001423a       0x3c Core/Src/main.o
 .debug_macro   0x0000000000014276       0x34 Core/Src/main.o
 .debug_macro   0x00000000000142aa      0x32a Core/Src/main.o
 .debug_macro   0x00000000000145d4       0x52 Core/Src/main.o
 .debug_macro   0x0000000000014626       0x1f Core/Src/main.o
 .debug_macro   0x0000000000014645       0x43 Core/Src/main.o
 .debug_macro   0x0000000000014688       0x20 Core/Src/main.o
 .debug_macro   0x00000000000146a8      0x1a3 Core/Src/main.o
 .debug_macro   0x000000000001484b       0x10 Core/Src/main.o
 .debug_macro   0x000000000001485b       0x35 Core/Src/main.o
 .debug_macro   0x0000000000014890       0x10 Core/Src/main.o
 .debug_macro   0x00000000000148a0       0x10 Core/Src/main.o
 .debug_macro   0x00000000000148b0       0x10 Core/Src/main.o
 .debug_macro   0x00000000000148c0       0x1c Core/Src/main.o
 .debug_macro   0x00000000000148dc       0x52 Core/Src/main.o
 .debug_macro   0x000000000001492e       0x40 Core/Src/main.o
 .debug_macro   0x000000000001496e       0x10 Core/Src/main.o
 .debug_macro   0x000000000001497e       0x40 Core/Src/main.o
 .debug_macro   0x00000000000149be       0xd7 Core/Src/main.o
 .debug_macro   0x0000000000014a95       0x1c Core/Src/main.o
 .debug_macro   0x0000000000014ab1       0x3d Core/Src/main.o
 .debug_macro   0x0000000000014aee       0x35 Core/Src/main.o
 .debug_macro   0x0000000000014b23       0x1c Core/Src/main.o
 .debug_macro   0x0000000000014b3f       0x10 Core/Src/main.o
 .debug_macro   0x0000000000014b4f       0x10 Core/Src/main.o
 .debug_macro   0x0000000000014b5f       0x16 Core/Src/main.o
 .debug_macro   0x0000000000014b75      0x145 Core/Src/main.o
 .debug_macro   0x0000000000014cba       0x16 Core/Src/main.o
 .debug_macro   0x0000000000014cd0       0x16 Core/Src/main.o
 .debug_macro   0x0000000000014ce6       0x29 Core/Src/main.o
 .debug_macro   0x0000000000014d0f       0x58 Core/Src/main.o
 .debug_macro   0x0000000000014d67      0x201 Core/Src/queue.o
 .debug_macro   0x0000000000014f68       0x40 Core/Src/queue.o
 .debug_macro   0x0000000000014fa8       0x94 Core/Src/queue.o
 .debug_macro   0x000000000001503c       0x16 Core/Src/queue.o
 .debug_macro   0x0000000000015052       0x57 Core/Src/queue.o
 .debug_macro   0x00000000000150a9       0x97 Core/Src/queue.o
 .debug_macro   0x0000000000015140      0x330 Core/Src/queue.o
 .debug_macro   0x0000000000015470       0xfd Core/Src/queue.o
 .debug_macro   0x000000000001556d       0x2b Core/Src/queue.o
 .debug_macro   0x0000000000015598      0x118 Core/Src/queue.o
 .debug_macro   0x00000000000156b0      0x232 Core/Src/snake.o
 .debug_macro   0x00000000000158e2      0x398 Core/Src/stm32f4xx_hal_msp.o
 .debug_macro   0x0000000000015c7a      0x3a2 Core/Src/stm32f4xx_it.o
 .debug_macro   0x000000000001601c      0x1ae Core/Src/sysmem.o
 .debug_macro   0x00000000000161ca      0x23b Core/Src/sysmem.o
 .debug_macro   0x0000000000016405      0x1d4 Core/Src/system_stm32f4xx.o
 .debug_macro   0x00000000000165d9      0x22e Drivers/STM32F4xx_HAL_Driver/Src/stm32f4xx_hal.o
 .debug_macro   0x0000000000016807      0x1ce Drivers/STM32F4xx_HAL_Driver/Src/stm32f4xx_hal_cortex.o
 .debug_macro   0x00000000000169d5      0x1d4 Drivers/STM32F4xx_HAL_Driver/Src/stm32f4xx_hal_dma.o
 .debug_macro   0x0000000000016ba9      0x204 Drivers/STM32F4xx_HAL_Driver/Src/stm32f4xx_hal_gpio.o
 .debug_macro   0x0000000000016dad      0x1f2 Drivers/STM32F4xx_HAL_Driver/Src/stm32f4xx_hal_rcc.o
 .debug_macro   0x0000000000016f9f      0x1cf Drivers/STM32F4xx_HAL_Driver/Src/stm32f4xx_hal_tim.o
 .debug_macro   0x000000000001716e      0x1ce Drivers/STM32F4xx_HAL_Driver/Src/stm32f4xx_hal_tim_ex.o
 .debug_macro   0x000000000001733c      0x1cf Drivers/STM32F4xx_HAL_Driver/Src/stm32f4xx_hal_uart.o

.debug_line     0x0000000000000000     0x9c43
 .debug_line    0x0000000000000000      0x9f6 Core/Src/main.o
 .debug_line    0x00000000000009f6      0x6d9 Core/Src/queue.o
 .debug_line    0x00000000000010cf      0x9d2 Core/Src/snake.o
 .debug_line    0x0000000000001aa1      0x942 Core/Src/stm32f4xx_hal_msp.o
 .debug_line    0x00000000000023e3      0x9ae Core/Src/stm32f4xx_it.o
 .debug_line    0x0000000000002d91      0x55e Core/Src/sysmem.o
 .debug_line    0x00000000000032ef      0x6dc Core/Src/system_stm32f4xx.o
 .debug_line    0x00000000000039cb       0x85 Core/Startup/startup_stm32f411retx.o
 .debug_line    0x0000000000003a50      0x8c6 Drivers/STM32F4xx_HAL_Driver/Src/stm32f4xx_hal.o
 .debug_line    0x0000000000004316      0x9ea Drivers/STM32F4xx_HAL_Driver/Src/stm32f4xx_hal_cortex.o
 .debug_line    0x0000000000004d00      0x994 Drivers/STM32F4xx_HAL_Driver/Src/stm32f4xx_hal_dma.o
 .debug_line    0x0000000000005694      0x869 Drivers/STM32F4xx_HAL_Driver/Src/stm32f4xx_hal_gpio.o
 .debug_line    0x0000000000005efd      0x91e Drivers/STM32F4xx_HAL_Driver/Src/stm32f4xx_hal_rcc.o
 .debug_line    0x000000000000681b     0x1783 Drivers/STM32F4xx_HAL_Driver/Src/stm32f4xx_hal_tim.o
 .debug_line    0x0000000000007f9e      0xcd1 Drivers/STM32F4xx_HAL_Driver/Src/stm32f4xx_hal_tim_ex.o
 .debug_line    0x0000000000008c6f      0xfd4 Drivers/STM32F4xx_HAL_Driver/Src/stm32f4xx_hal_uart.o

.debug_str      0x0000000000000000    0x8d2ef
 .debug_str     0x0000000000000000    0x89b37 Core/Src/main.o
                                      0x89ee9 (size before relaxing)
 .debug_str     0x0000000000089b37      0x3d3 Core/Src/queue.o
                                       0x7b53 (size before relaxing)
 .debug_str     0x0000000000089f0a      0x21c Core/Src/snake.o
                                       0x7ea3 (size before relaxing)
 .debug_str     0x000000000008a126      0x412 Core/Src/stm32f4xx_hal_msp.o
                                      0x8a016 (size before relaxing)
 .debug_str     0x000000000008a538       0xdf Core/Src/stm32f4xx_it.o
                                      0x89b63 (size before relaxing)
 .debug_str     0x000000000008a617      0x4be Core/Src/sysmem.o
                                       0x7af6 (size before relaxing)
 .debug_str     0x000000000008aad5       0xc4 Core/Src/system_stm32f4xx.o
                                      0x85236 (size before relaxing)
 .debug_str     0x000000000008ab99       0x36 Core/Startup/startup_stm32f411retx.o
                                         0x78 (size before relaxing)
 .debug_str     0x000000000008abcf      0x58d Drivers/STM32F4xx_HAL_Driver/Src/stm32f4xx_hal.o
                                      0x85bab (size before relaxing)
 .debug_str     0x000000000008b15c      0x399 Drivers/STM32F4xx_HAL_Driver/Src/stm32f4xx_hal_cortex.o
                                      0x85988 (size before relaxing)
 .debug_str     0x000000000008b4f5      0x31d Drivers/STM32F4xx_HAL_Driver/Src/stm32f4xx_hal_dma.o
                                      0x85639 (size before relaxing)
 .debug_str     0x000000000008b812      0x20c Drivers/STM32F4xx_HAL_Driver/Src/stm32f4xx_hal_gpio.o
                                      0x85475 (size before relaxing)
 .debug_str     0x000000000008ba1e      0x259 Drivers/STM32F4xx_HAL_Driver/Src/stm32f4xx_hal_rcc.o
                                      0x85623 (size before relaxing)
 .debug_str     0x000000000008bc77      0xcf0 Drivers/STM32F4xx_HAL_Driver/Src/stm32f4xx_hal_tim.o
                                      0x86330 (size before relaxing)
 .debug_str     0x000000000008c967      0x4a2 Drivers/STM32F4xx_HAL_Driver/Src/stm32f4xx_hal_tim_ex.o
                                      0x85b30 (size before relaxing)
 .debug_str     0x000000000008ce09      0x4e6 Drivers/STM32F4xx_HAL_Driver/Src/stm32f4xx_hal_uart.o
                                      0x85a70 (size before relaxing)

.comment        0x0000000000000000       0x7b
 .comment       0x0000000000000000       0x7b Core/Src/main.o
                                         0x7c (size before relaxing)
 .comment       0x000000000000007b       0x7c Core/Src/queue.o
 .comment       0x000000000000007b       0x7c Core/Src/snake.o
 .comment       0x000000000000007b       0x7c Core/Src/stm32f4xx_hal_msp.o
 .comment       0x000000000000007b       0x7c Core/Src/stm32f4xx_it.o
 .comment       0x000000000000007b       0x7c Core/Src/sysmem.o
 .comment       0x000000000000007b       0x7c Core/Src/system_stm32f4xx.o
 .comment       0x000000000000007b       0x7c Drivers/STM32F4xx_HAL_Driver/Src/stm32f4xx_hal.o
 .comment       0x000000000000007b       0x7c Drivers/STM32F4xx_HAL_Driver/Src/stm32f4xx_hal_cortex.o
 .comment       0x000000000000007b       0x7c Drivers/STM32F4xx_HAL_Driver/Src/stm32f4xx_hal_dma.o
 .comment       0x000000000000007b       0x7c Drivers/STM32F4xx_HAL_Driver/Src/stm32f4xx_hal_gpio.o
 .comment       0x000000000000007b       0x7c Drivers/STM32F4xx_HAL_Driver/Src/stm32f4xx_hal_rcc.o
 .comment       0x000000000000007b       0x7c Drivers/STM32F4xx_HAL_Driver/Src/stm32f4xx_hal_tim.o
 .comment       0x000000000000007b       0x7c Drivers/STM32F4xx_HAL_Driver/Src/stm32f4xx_hal_tim_ex.o
 .comment       0x000000000000007b       0x7c Drivers/STM32F4xx_HAL_Driver/Src/stm32f4xx_hal_uart.o

.debug_frame    0x0000000000000000     0x364c
 .debug_frame   0x0000000000000000      0x144 Core/Src/main.o
 .debug_frame   0x0000000000000144      0x114 Core/Src/queue.o
 .debug_frame   0x0000000000000258      0x2b4 Core/Src/snake.o
 .debug_frame   0x000000000000050c       0xc4 Core/Src/stm32f4xx_hal_msp.o
 .debug_frame   0x00000000000005d0      0x144 Core/Src/stm32f4xx_it.o
 .debug_frame   0x0000000000000714       0x34 Core/Src/sysmem.o
 .debug_frame   0x0000000000000748       0x58 Core/Src/system_stm32f4xx.o
 .debug_frame   0x00000000000007a0      0x374 Drivers/STM32F4xx_HAL_Driver/Src/stm32f4xx_hal.o
 .debug_frame   0x0000000000000b14      0x498 Drivers/STM32F4xx_HAL_Driver/Src/stm32f4xx_hal_cortex.o
 .debug_frame   0x0000000000000fac      0x250 Drivers/STM32F4xx_HAL_Driver/Src/stm32f4xx_hal_dma.o
 .debug_frame   0x00000000000011fc      0x14c Drivers/STM32F4xx_HAL_Driver/Src/stm32f4xx_hal_gpio.o
 .debug_frame   0x0000000000001348      0x1f0 Drivers/STM32F4xx_HAL_Driver/Src/stm32f4xx_hal_rcc.o
 .debug_frame   0x0000000000001538     0x10e8 Drivers/STM32F4xx_HAL_Driver/Src/stm32f4xx_hal_tim.o
 .debug_frame   0x0000000000002620      0x5c0 Drivers/STM32F4xx_HAL_Driver/Src/stm32f4xx_hal_tim_ex.o
 .debug_frame   0x0000000000002be0      0x844 Drivers/STM32F4xx_HAL_Driver/Src/stm32f4xx_hal_uart.o
 .debug_frame   0x0000000000003424       0x20 c:/st/stm32cubeide_1.3.0/stm32cubeide/plugins/com.st.stm32cube.ide.mcu.externaltools.gnu-tools-for-stm32.7-2018-q2-update.win32_1.0.0.201904181610/tools/bin/../lib/gcc/arm-none-eabi/7.3.1/../../../../arm-none-eabi/lib/thumb/v7e-m/fpv4-sp/hard\libc_nano.a(lib_a-errno.o)
 .debug_frame   0x0000000000003444       0x2c c:/st/stm32cubeide_1.3.0/stm32cubeide/plugins/com.st.stm32cube.ide.mcu.externaltools.gnu-tools-for-stm32.7-2018-q2-update.win32_1.0.0.201904181610/tools/bin/../lib/gcc/arm-none-eabi/7.3.1/../../../../arm-none-eabi/lib/thumb/v7e-m/fpv4-sp/hard\libc_nano.a(lib_a-init.o)
 .debug_frame   0x0000000000003470       0x30 c:/st/stm32cubeide_1.3.0/stm32cubeide/plugins/com.st.stm32cube.ide.mcu.externaltools.gnu-tools-for-stm32.7-2018-q2-update.win32_1.0.0.201904181610/tools/bin/../lib/gcc/arm-none-eabi/7.3.1/../../../../arm-none-eabi/lib/thumb/v7e-m/fpv4-sp/hard\libc_nano.a(lib_a-malloc.o)
 .debug_frame   0x00000000000034a0       0x20 c:/st/stm32cubeide_1.3.0/stm32cubeide/plugins/com.st.stm32cube.ide.mcu.externaltools.gnu-tools-for-stm32.7-2018-q2-update.win32_1.0.0.201904181610/tools/bin/../lib/gcc/arm-none-eabi/7.3.1/../../../../arm-none-eabi/lib/thumb/v7e-m/fpv4-sp/hard\libc_nano.a(lib_a-memset.o)
 .debug_frame   0x00000000000034c0       0x2c c:/st/stm32cubeide_1.3.0/stm32cubeide/plugins/com.st.stm32cube.ide.mcu.externaltools.gnu-tools-for-stm32.7-2018-q2-update.win32_1.0.0.201904181610/tools/bin/../lib/gcc/arm-none-eabi/7.3.1/../../../../arm-none-eabi/lib/thumb/v7e-m/fpv4-sp/hard\libc_nano.a(lib_a-nano-mallocr.o)
 .debug_frame   0x00000000000034ec       0x48 c:/st/stm32cubeide_1.3.0/stm32cubeide/plugins/com.st.stm32cube.ide.mcu.externaltools.gnu-tools-for-stm32.7-2018-q2-update.win32_1.0.0.201904181610/tools/bin/../lib/gcc/arm-none-eabi/7.3.1/../../../../arm-none-eabi/lib/thumb/v7e-m/fpv4-sp/hard\libc_nano.a(lib_a-rand.o)
 .debug_frame   0x0000000000003534       0x2c c:/st/stm32cubeide_1.3.0/stm32cubeide/plugins/com.st.stm32cube.ide.mcu.externaltools.gnu-tools-for-stm32.7-2018-q2-update.win32_1.0.0.201904181610/tools/bin/../lib/gcc/arm-none-eabi/7.3.1/../../../../arm-none-eabi/lib/thumb/v7e-m/fpv4-sp/hard\libc_nano.a(lib_a-sbrkr.o)
 .debug_frame   0x0000000000003560       0x30 c:/st/stm32cubeide_1.3.0/stm32cubeide/plugins/com.st.stm32cube.ide.mcu.externaltools.gnu-tools-for-stm32.7-2018-q2-update.win32_1.0.0.201904181610/tools/bin/../lib/gcc/arm-none-eabi/7.3.1/../../../../arm-none-eabi/lib/thumb/v7e-m/fpv4-sp/hard\libc_nano.a(lib_a-mlock.o)
 .debug_frame   0x0000000000003590       0x5c c:/st/stm32cubeide_1.3.0/stm32cubeide/plugins/com.st.stm32cube.ide.mcu.externaltools.gnu-tools-for-stm32.7-2018-q2-update.win32_1.0.0.201904181610/tools/bin/../lib/gcc/arm-none-eabi/7.3.1/../../../../arm-none-eabi/lib/thumb/v7e-m/fpv4-sp/hard\libc_nano.a(lib_a-reent.o)
 .debug_frame   0x00000000000035ec       0x2c c:/st/stm32cubeide_1.3.0/stm32cubeide/plugins/com.st.stm32cube.ide.mcu.externaltools.gnu-tools-for-stm32.7-2018-q2-update.win32_1.0.0.201904181610/tools/bin/../lib/gcc/arm-none-eabi/7.3.1/thumb/v7e-m/fpv4-sp/hard\libgcc.a(_aeabi_uldivmod.o)
 .debug_frame   0x0000000000003618       0x34 c:/st/stm32cubeide_1.3.0/stm32cubeide/plugins/com.st.stm32cube.ide.mcu.externaltools.gnu-tools-for-stm32.7-2018-q2-update.win32_1.0.0.201904181610/tools/bin/../lib/gcc/arm-none-eabi/7.3.1/thumb/v7e-m/fpv4-sp/hard\libgcc.a(_udivmoddi4.o)
